S1 R(Q2=0, W=90) = 0.071  R(Q2=10, W=90) = 0.187  <R>_{5<Q2<80} = 0.184
S2 R(Q2=0, W=90) = 0.147  R(Q2=10, W=90) = 0.290  <R>_{5<Q2<80} = 0.286
S1
     Q2  H1 1998     N= 1  chi2/N=  5.60
     Q2  H1 1999     N= 3  chi2/N=  1.14
     Q2  H1 2002     N= 1  chi2/N= 56.17
     Q2  ZEUS 2016   N= 5  chi2/N=  1.50
     Q2  ZEUS 2022   N= 1  chi2/N= 13.33
     Q2  all         N=11  chi2/N=  7.82
     W   H1 1998     N= 1  chi2/N=  5.60
     W   H1 2002     N= 4  chi2/N= 26.32
     W   ZEUS 2016   N= 4  chi2/N=  1.84
     W   ZEUS 2022   N= 5  chi2/N=  7.55
     W   all         N=14  chi2/N= 11.14
     t   ZEUS 2016   N= 4  chi2/N=  2.17
     t   ZEUS 2022   N= 5  chi2/N=  6.22
     t   all         N= 9  chi2/N=  4.42
S2
     Q2  H1 1998     N= 1  chi2/N=  0.02
     Q2  H1 1999     N= 3  chi2/N=  0.38
     Q2  H1 2002     N= 1  chi2/N=  2.21
     Q2  ZEUS 2016   N= 5  chi2/N=  1.06
     Q2  ZEUS 2022   N= 1  chi2/N=  0.00
     Q2  all         N=11  chi2/N=  0.79
     W   H1 1998     N= 1  chi2/N=  0.02
     W   H1 2002     N= 4  chi2/N=  2.18
     W   ZEUS 2016   N= 4  chi2/N=  1.06
     W   ZEUS 2022   N= 5  chi2/N=  0.62
     W   all         N=14  chi2/N=  1.15
     t   ZEUS 2016   N= 4  chi2/N=  0.95
     t   ZEUS 2022   N= 5  chi2/N=  1.17
     t   all         N= 9  chi2/N=  1.07
